// Jest Snapshot v1, https://goo.gl/fbAQLP

exports[`should render ExpenseListItem with expenses 1`] = `
<div>
  <Link
    to="/edit/2"
  >
    <h3>
      rent
    </h3>
  </Link>
  <p>
    10095
     - 
    -345600000
  </p>
</div>
`;
