// Jest Snapshot v1, https://goo.gl/fbAQLP

exports[`should render NotoundPage correctly 1`] = `
<div>
  404 Not Found - 
  <Link
    to="/"
  >
    Go to Home
  </Link>
</div>
`;
